// Jest Snapshot v1, https://goo.gl/fbAQLP

exports[`<Select/> should render the heading 1`] = `
<main
  class=""
>
  <h1>
    Select
  </h1>
</main>
`;
